 WDT_DRV

 Timestamp is 5518e396 (Sun Mar 29 22:48:06 2015)

 Preferred load address is 10000000

 Start         Length     Name                   Class
 0001:00000000 00000004H .CRT$XCA                CODE
 0001:00000004 00000004H .CRT$XCZ                CODE
 0001:00000008 00000004H .CRT$XIA                CODE
 0001:0000000c 00000004H .CRT$XIZ                CODE
 0001:00000010 00000004H .CRT$XPA                CODE
 0001:00000014 00000004H .CRT$XPZ                CODE
 0001:00000018 00000004H .CRT$XTA                CODE
 0001:0000001c 00000004H .CRT$XTZ                CODE
 0001:00000020 00000dc8H .rdata                  CODE
 0001:00000de8 00000034H .rdata$debug            CODE
 0001:00000e20 00000004H .rdata$sxdata           CODE
 0001:00000e24 00000eeeH .text                   CODE
 0001:00001d18 0000003cH .xdata$x                CODE
 0001:00001d54 0000003cH .idata$2                CODE
 0001:00001d90 00000014H .idata$3                CODE
 0001:00001da4 000000b0H .idata$4                CODE
 0001:00001e54 00000022H .idata$6                CODE
 0001:00001e80 000000afH .edata                  CODE
 0002:00000000 000000b0H .idata$5                DATA
 0002:000000b0 00000280H .data                   DATA
 0002:00000330 00000060H .bss                    DATA

  Address         Publics by Value              Rva+Base       Lib:Object

 0000:00000001       ___safe_se_handler_count   00000001     <absolute>
 0001:00000000       ___xc_a                    10001000     ccrt0:crt0init.obj
 0001:00000004       ___xc_z                    10001004     ccrt0:crt0init.obj
 0001:00000008       ___xi_a                    10001008     ccrt0:crt0init.obj
 0001:0000000c       ___xi_z                    1000100c     ccrt0:crt0init.obj
 0001:00000010       ___xp_a                    10001010     ccrt0:crt0init.obj
 0001:00000014       ___xp_z                    10001014     ccrt0:crt0init.obj
 0001:00000018       ___xt_a                    10001018     ccrt0:crt0init.obj
 0001:0000001c       ___xt_z                    1000101c     ccrt0:crt0init.obj
 0001:00000058       ??_C@_17KACEIPNC@?$AAK?$AAe?$AAy?$AA?$AA@ 10001058     WDT_DRV.obj
 0001:00000060       ??_C@_1O@OAEMNAOM@?$AAM?$AA6?$AA1?$AA1?$AA7?$AAD?$AA?$AA@ 10001060     WDT_DRV.obj
 0001:00000070       ??_C@_1EC@KKBGKKCM@?$AAL?$AAo?$AAc?$AAa?$AAl?$AAA?$AAl?$AAl?$AAo?$AAc?$AA?$CI?$AA?$CJ?$AA?5?$AAf?$AAa?$AAi?$AAl?$AAe?$AAd?$AA?0?$AAE?$AAr?$AAr?$AAo?$AAr?$AA?3?$AA0?$AAx?$AA?$CF?$AA0?$AAx?$AA?6@ 10001070     WDT_DRV.obj
 0001:000000b4       ??_C@_1CC@GHALMOIB@?$AAS?$AAt?$AAo?$AAp?$AA?5?$AAI?$AAS?$AAT?$AA?5?$AAF?$AAa?$AAi?$AAl?$AAe?$AAd?$AA?6?$AA?$AA@ 100010b4     WDT_DRV.obj
 0001:000000d8       ??_C@_1CC@NDDNKGDM@?$AAW?$AAD?$AAT?$AA?5?$AAI?$AAD?$AA?5?$AAi?$AAs?$AA?5?$AAe?$AAo?$AAr?$AAr?$AAo?$AA?6?$AA?$AA@ 100010d8     WDT_DRV.obj
 0001:000000fc       ??_C@_1CK@GGMNIEMD@?$AAI?$AAS?$AAT?$AA?5?$AAi?$AAs?$AA?5?$AAs?$AAt?$AAi?$AAl?$AAl?$AA?5?$AAR?$AAU?$AAN?$AAI?$AAN?$AAG?$AA?6?$AA?$AA@ 100010fc     WDT_DRV.obj
 0001:00000128       ??_C@_1DI@BOCCBMMH@?$AAS?$AAe?$AAt?$AA?5?$AAC?$AAA?$AAL?$AAL?$AAB?$AAA?$AAC?$AAK?$AA?5?$AAH?$AAa?$AAn?$AAd?$AAl?$AAe?$AA?5?$AAf?$AAa?$AAi?$AAl?$AAe?$AAd?$AA?6?$AA?$AA@ 10001128     WDT_DRV.obj
 0001:00000160       ??_C@_1DA@KOGANDCJ@?$AAp?$AAO?$AAp?$AAe?$AAn?$AAC?$AAo?$AAn?$AAt?$AAe?$AAx?$AAt?$AA?9?$AA?$DO?$AAh?$AAW?$AAn?$AAd?$AA?5?$AA?5?$AA?$CF?$AAd?$AA?6?$AA?$AA@ 10001160     WDT_DRV.obj
 0001:00000190       ??_C@_1DE@INNIDOOE@?$AAS?$AAe?$AAt?$AA?5?$AAM?$AAs?$AAg?$AAQ?$AAu?$AAe?$AAu?$AAe?$AA?5?$AAN?$AAa?$AAm?$AAe?$AA?5?$AAf?$AAa?$AAi?$AAl?$AAe?$AAd?$AA?6?$AA?$AA@ 10001190     WDT_DRV.obj
 0001:000001c4       ??_C@_1DC@LAEFHIBM@?$AAC?$AAr?$AAe?$AAa?$AAt?$AAe?$AA?5?$AAM?$AAs?$AAg?$AAQ?$AAu?$AAe?$AAu?$AAe?$AA?5?$AA?5?$AAf?$AAa?$AAi?$AAl?$AAe?$AAd?$AA?6?$AA?$AA@ 100011c4     WDT_DRV.obj
 0001:000001f8       ??_C@_1DM@GLHAKFAK@?$AAp?$AAO?$AAp?$AAe?$AAn?$AAC?$AAo?$AAn?$AAt?$AAe?$AAx?$AAt?$AA?9?$AA?$DO?$AAp?$AAQ?$AAu?$AAe?$AAu?$AAe?$AAN?$AAa?$AAm?$AAe?$AA?5?$AA?5?$AA?$CF?$AAs?$AA?6?$AA?$AA@ 100011f8     WDT_DRV.obj
 0001:00000238       ??_C@_1GC@IJJBDNKF@?$AA?$CK?$AA?$CK?$AA?$CK?$AA?$CK?$AA?$CK?$AA?$CK?$AA?$CK?$AA?$CK?$AA?$CK?$AAt?$AAh?$AAe?$AA?5?$AAH?$AAa?$AAn?$AAd?$AAl?$AAe?$AA?5?$AAv?$AAa?$AAl?$AAu?$AAe?$AA?5?$AAi?$AAs?$AA?5?$AA?$CF?$AAx?$AA?$CK@ 10001238     WDT_DRV.obj
 0001:0000029c       ??_C@_1DG@CFGALGGB@?$AAI?$AAS?$AAT?$AA?5?$AAW?$AAa?$AAi?$AAt?$AAF?$AAo?$AAr?$AAS?$AAi?$AAn?$AAg?$AAl?$AAe?$AAO?$AAb?$AAj?$AAe?$AAc?$AAt?$AA?$CI?$AA?$CJ?$AA?6?$AA?$AA@ 1000129c     WDT_DRV.obj
 0001:000002d4       ??_C@_1CO@KJDBCFDM@?$AAP?$AAo?$AAs?$AAt?$AAM?$AAe?$AAs?$AAs?$AAa?$AAg?$AAe?$AA?$CI?$AA?$CJ?$AA?5?$AAt?$AAo?$AA?5?$AAH?$AAW?$AAN?$AAD?$AA?6?$AA?$AA@ 100012d4     WDT_DRV.obj
 0001:00000304       ??_C@_1CI@KJCFFNBD@?$AAW?$AAr?$AAi?$AAt?$AAe?$AA?5?$AAM?$AAe?$AAs?$AAs?$AAa?$AAg?$AAe?$AAQ?$AAu?$AAe?$AAu?$AAe?$AA?6?$AA?$AA@ 10001304     WDT_DRV.obj
 0001:0000032c       ??_C@_01GFHCPBMG@C?$AA@    1000132c     WDT_DRV.obj
 0001:00000330       ??_C@_1BG@JDAFHBOG@?$AAI?$AAS?$AAR?$AAH?$AAa?$AAn?$AAd?$AAl?$AAe?$AAr?$AA?$AA@ 10001330     WDT_DRV.obj
 0001:00000348       ??_C@_1BI@CICAJHNE@?$AAW?$AAD?$AAT?$AA_?$AAI?$AAS?$AAR?$AA?4?$AAd?$AAl?$AAl?$AA?$AA@ 10001348     WDT_DRV.obj
 0001:00000360       ??_C@_1EA@CKKOJDPA@?$AAL?$AAo?$AAa?$AAd?$AAI?$AAn?$AAt?$AAC?$AAh?$AAa?$AAi?$AAn?$AAH?$AAa?$AAn?$AAd?$AAl?$AAe?$AAr?$AA?5?$AAf?$AAa?$AAi?$AAl?$AAe?$AAd?$AA?3?$AA?5?$AA?$CF?$AAd?$AA?6?$AA?$AA@ 10001360     WDT_DRV.obj
 0001:000003a0       ??_C@_1CE@CHPJBNNJ@?$AAS?$AAy?$AAs?$AAI?$AAn?$AAt?$AAr?$AA?5?$AAi?$AAs?$AA?5?$AA0?$AAx?$AA?$CF?$AA0?$AAx?$AA?6?$AA?$AA@ 100013a0     WDT_DRV.obj
 0001:000003c4       ??_C@_1DM@EEJJAMCB@?$AAF?$AAr?$AAe?$AAe?$AAI?$AAn?$AAt?$AAC?$AAh?$AAa?$AAi?$AAn?$AAH?$AAa?$AAn?$AAd?$AAl?$AAe?$AAr?$AA?$CI?$AA?$CJ?$AA?5?$AAf?$AAa?$AAi?$AAl?$AAe?$AAd?$AA?6?$AA?$AA@ 100013c4     WDT_DRV.obj
 0001:000004b8       ??_C@_1FK@PGACCAFB@?$AAR?$AA6?$AA0?$AA0?$AA2?$AA?$AN?$AA?6?$AA?9?$AA?5?$AAf?$AAl?$AAo?$AAa?$AAt?$AAi?$AAn?$AAg?$AA?5?$AAp?$AAo?$AAi?$AAn?$AAt?$AA?5?$AAs?$AAu?$AAp?$AAp?$AAo?$AAr?$AAt?$AA?5@ 100014b8     ccrt0:crt0msg.obj
 0001:00000518       ??_C@_1FE@LLNEDJMD@?$AAR?$AA6?$AA0?$AA0?$AA8?$AA?$AN?$AA?6?$AA?9?$AA?5?$AAn?$AAo?$AAt?$AA?5?$AAe?$AAn?$AAo?$AAu?$AAg?$AAh?$AA?5?$AAs?$AAp?$AAa?$AAc?$AAe?$AA?5?$AAf?$AAo?$AAr?$AA?5?$AAa?$AAr@ 10001518     ccrt0:crt0msg.obj
 0001:00000570       ??_C@_1FI@HONFMGBI@?$AAR?$AA6?$AA0?$AA0?$AA9?$AA?$AN?$AA?6?$AA?9?$AA?5?$AAn?$AAo?$AAt?$AA?5?$AAe?$AAn?$AAo?$AAu?$AAg?$AAh?$AA?5?$AAs?$AAp?$AAa?$AAc?$AAe?$AA?5?$AAf?$AAo?$AAr?$AA?5?$AAe?$AAn@ 10001570     ccrt0:crt0msg.obj
 0001:000005c8       ??_C@_1EG@BEHAGFJD@?$AAR?$AA6?$AA0?$AA1?$AA0?$AA?$AN?$AA?6?$AA?9?$AA?5?$AAa?$AAb?$AAo?$AAr?$AAt?$AA?$CI?$AA?$CJ?$AA?5?$AAh?$AAa?$AAs?$AA?5?$AAb?$AAe?$AAe?$AAn?$AA?5?$AAc?$AAa?$AAl?$AAl?$AAe?$AAd@ 100015c8     ccrt0:crt0msg.obj
 0001:00000610       ??_C@_1FI@LOGNIKDM@?$AAR?$AA6?$AA0?$AA1?$AA6?$AA?$AN?$AA?6?$AA?9?$AA?5?$AAn?$AAo?$AAt?$AA?5?$AAe?$AAn?$AAo?$AAu?$AAg?$AAh?$AA?5?$AAs?$AAp?$AAa?$AAc?$AAe?$AA?5?$AAf?$AAo?$AAr?$AA?5?$AAt?$AAh@ 10001610     ccrt0:crt0msg.obj
 0001:00000668       ??_C@_1FK@BEOGODMC@?$AAR?$AA6?$AA0?$AA1?$AA7?$AA?$AN?$AA?6?$AA?9?$AA?5?$AAu?$AAn?$AAe?$AAx?$AAp?$AAe?$AAc?$AAt?$AAe?$AAd?$AA?5?$AAm?$AAu?$AAl?$AAt?$AAi?$AAt?$AAh?$AAr?$AAe?$AAa?$AAd?$AA?5@ 10001668     ccrt0:crt0msg.obj
 0001:000006c8       ??_C@_1EC@JIBHAOPH@?$AAR?$AA6?$AA0?$AA1?$AA8?$AA?$AN?$AA?6?$AA?9?$AA?5?$AAu?$AAn?$AAe?$AAx?$AAp?$AAe?$AAc?$AAt?$AAe?$AAd?$AA?5?$AAh?$AAe?$AAa?$AAp?$AA?5?$AAe?$AAr?$AAr?$AAo?$AAr?$AA?$AN?$AA?6@ 100016c8     ccrt0:crt0msg.obj
 0001:00000710       ??_C@_1FC@ECHBIFBC@?$AAR?$AA6?$AA0?$AA1?$AA9?$AA?$AN?$AA?6?$AA?9?$AA?5?$AAu?$AAn?$AAa?$AAb?$AAl?$AAe?$AA?5?$AAt?$AAo?$AA?5?$AAo?$AAp?$AAe?$AAn?$AA?5?$AAc?$AAo?$AAn?$AAs?$AAo?$AAl?$AAe?$AA?5@ 10001710     ccrt0:crt0msg.obj
 0001:00000768       ??_C@_1GK@FHCKBEFA@?$AAR?$AA6?$AA0?$AA2?$AA4?$AA?$AN?$AA?6?$AA?9?$AA?5?$AAn?$AAo?$AAt?$AA?5?$AAe?$AAn?$AAo?$AAu?$AAg?$AAh?$AA?5?$AAs?$AAp?$AAa?$AAc?$AAe?$AA?5?$AAf?$AAo?$AAr?$AA?5?$AA_?$AAo@ 10001768     ccrt0:crt0msg.obj
 0001:000007d8       ??_C@_1EM@MAADIHMB@?$AAR?$AA6?$AA0?$AA2?$AA5?$AA?$AN?$AA?6?$AA?9?$AA?5?$AAp?$AAu?$AAr?$AAe?$AA?5?$AAv?$AAi?$AAr?$AAt?$AAu?$AAa?$AAl?$AA?5?$AAf?$AAu?$AAn?$AAc?$AAt?$AAi?$AAo?$AAn?$AA?5?$AAc@ 100017d8     ccrt0:crt0msg.obj
 0001:00000828       ??_C@_1GK@MCAAGJMO@?$AAR?$AA6?$AA0?$AA2?$AA6?$AA?$AN?$AA?6?$AA?9?$AA?5?$AAn?$AAo?$AAt?$AA?5?$AAe?$AAn?$AAo?$AAu?$AAg?$AAh?$AA?5?$AAs?$AAp?$AAa?$AAc?$AAe?$AA?5?$AAf?$AAo?$AAr?$AA?5?$AAs?$AAt@ 10001828     ccrt0:crt0msg.obj
 0001:00000898       ??_C@_1GK@MFGOKLAG@?$AAR?$AA6?$AA0?$AA2?$AA7?$AA?$AN?$AA?6?$AA?9?$AA?5?$AAn?$AAo?$AAt?$AA?5?$AAe?$AAn?$AAo?$AAu?$AAg?$AAh?$AA?5?$AAs?$AAp?$AAa?$AAc?$AAe?$AA?5?$AAf?$AAo?$AAr?$AA?5?$AAl?$AAo@ 10001898     ccrt0:crt0msg.obj
 0001:00000908       ??_C@_1EK@HHFLMAOL@?$AAR?$AA6?$AA0?$AA2?$AA8?$AA?$AN?$AA?6?$AA?9?$AA?5?$AAu?$AAn?$AAa?$AAb?$AAl?$AAe?$AA?5?$AAt?$AAo?$AA?5?$AAi?$AAn?$AAi?$AAt?$AAi?$AAa?$AAl?$AAi?$AAz?$AAe?$AA?5?$AAh?$AAe@ 10001908     ccrt0:crt0msg.obj
 0001:00000954       ??_C@_1DO@BMFCDCD@?$AAR?$AA6?$AA0?$AA3?$AA0?$AA?$AN?$AA?6?$AA?9?$AA?5?$AAC?$AAR?$AAT?$AA?5?$AAn?$AAo?$AAt?$AA?5?$AAi?$AAn?$AAi?$AAt?$AAi?$AAa?$AAl?$AAi?$AAz?$AAe?$AAd?$AA?$AN?$AA?6?$AA?$AA@ 10001954     ccrt0:crt0msg.obj
 0001:00000998       ??_C@_1MG@ENCOOIDF@?$AAR?$AA6?$AA0?$AA3?$AA1?$AA?$AN?$AA?6?$AA?9?$AA?5?$AAA?$AAt?$AAt?$AAe?$AAm?$AAp?$AAt?$AA?5?$AAt?$AAo?$AA?5?$AAi?$AAn?$AAi?$AAt?$AAi?$AAa?$AAl?$AAi?$AAz?$AAe?$AA?5?$AAt@ 10001998     ccrt0:crt0msg.obj
 0001:00000a60       ??_C@_1GG@GOPILAJP@?$AAR?$AA6?$AA0?$AA3?$AA2?$AA?$AN?$AA?6?$AA?9?$AA?5?$AAn?$AAo?$AAt?$AA?5?$AAe?$AAn?$AAo?$AAu?$AAg?$AAh?$AA?5?$AAs?$AAp?$AAa?$AAc?$AAe?$AA?5?$AAf?$AAo?$AAr?$AA?5?$AAl?$AAo@ 10001a60     ccrt0:crt0msg.obj
 0001:00000ac8       ??_C@_1BOO@KGEDBGAJ@?$AAR?$AA6?$AA0?$AA3?$AA3?$AA?$AN?$AA?6?$AA?9?$AA?5?$AAA?$AAt?$AAt?$AAe?$AAm?$AAp?$AAt?$AA?5?$AAt?$AAo?$AA?5?$AAu?$AAs?$AAe?$AA?5?$AAM?$AAS?$AAI?$AAL?$AA?5?$AAc?$AAo?$AAd@ 10001ac8     ccrt0:crt0msg.obj
 0001:00000cb8       ??_C@_1GG@MKFPEKFO@?$AAR?$AA6?$AA0?$AA3?$AA4?$AA?$AN?$AA?6?$AA?9?$AA?5?$AAi?$AAn?$AAc?$AAo?$AAn?$AAs?$AAi?$AAs?$AAt?$AAe?$AAn?$AAt?$AA?5?$AAo?$AAn?$AAe?$AAx?$AAi?$AAt?$AA?5?$AAb?$AAe?$AAg@ 10001cb8     ccrt0:crt0msg.obj
 0001:00000d20       ??_C@_1BO@BFCDCGC@?$AAD?$AAO?$AAM?$AAA?$AAI?$AAN?$AA?5?$AAe?$AAr?$AAr?$AAo?$AAr?$AA?$AN?$AA?6?$AA?$AA@ 10001d20     ccrt0:crt0msg.obj
 0001:00000d40       ??_C@_1BK@KMOMNAAI@?$AAS?$AAI?$AAN?$AAG?$AA?5?$AAe?$AAr?$AAr?$AAo?$AAr?$AA?$AN?$AA?6?$AA?$AA@ 10001d40     ccrt0:crt0msg.obj
 0001:00000d5c       ??_C@_1BM@JBBEPPHI@?$AAT?$AAL?$AAO?$AAS?$AAS?$AA?5?$AAe?$AAr?$AAr?$AAo?$AAr?$AA?$AN?$AA?6?$AA?$AA@ 10001d5c     ccrt0:crt0msg.obj
 0001:00000d78       ??_C@_15JNBOKNOG@?$AA?$AN?$AA?6?$AA?$AA@ 10001d78     ccrt0:crt0msg.obj
 0001:00000d80       ??_C@_1BO@BKOMIGKJ@?$AAr?$AAu?$AAn?$AAt?$AAi?$AAm?$AAe?$AA?5?$AAe?$AAr?$AAr?$AAo?$AAr?$AA?5?$AA?$AA@ 10001d80     ccrt0:crt0msg.obj
 0001:00000da0       __load_config_used         10001da0     ccrt0:loadcfg.obj
 0001:00000e20       ___safe_se_handler_table   10001e20     <linker-defined>
 0001:00000e24       ?DisableWdt@@YAHH@Z        10001e24 f   WDT_DRV.obj
 0001:00000e47       ?EnableWdt@@YAHH@Z         10001e47 f   WDT_DRV.obj
 0001:00000e6a       ?RegDeviceOpen@@YAPAUHKEY__@@PBG@Z 10001e6a f   WDT_DRV.obj
 0001:00000f37       ?ResetWdt@@YAHH@Z          10001f37 f   WDT_DRV.obj
 0001:00000f5a       ?SetWdtEvent@@YAHW4WDTEVENTS@@H@Z 10001f5a f   WDT_DRV.obj
 0001:00000f84       ?SetWdtTime@@YAHKH@Z       10001f84 f   WDT_DRV.obj
 0001:00000fb7       ?StartIst@@YAHPAUtagDEVCONTEXT@@@Z 10001fb7 f   WDT_DRV.obj
 0001:000010ee       ?StopIst@@YAHPAUtagDEVCONTEXT@@@Z 100020ee f   WDT_DRV.obj
 0001:0000118b       ?WDT0Disable@@YAXXZ        1000218b f   WDT_DRV.obj
 0001:000011c3       ?WDT0Enable@@YAXXZ         100021c3 f   WDT_DRV.obj
 0001:000011fb       ?WDT0Locked@@YAXXZ         100021fb f   WDT_DRV.obj
 0001:00001211       ?WDT0Reset@@YAXXZ          10002211 f   WDT_DRV.obj
 0001:00001249       ?WDT0SetEvent@@YAXW4WDTEVENTS@@@Z 10002249 f   WDT_DRV.obj
 0001:0000126d       ?WDT0SetTime@@YAXK@Z       1000226d f   WDT_DRV.obj
 0001:000012bf       ?WDT0Unlock@@YAXXZ         100022bf f   WDT_DRV.obj
 0001:000012d8       ?WDT1Disable@@YAXXZ        100022d8 f   WDT_DRV.obj
 0001:000012f0       ?WDT1Enable@@YAXXZ         100022f0 f   WDT_DRV.obj
 0001:00001308       ?WDT1Reset@@YAXXZ          10002308 f   WDT_DRV.obj
 0001:00001314       ?WDT1SetEvent@@YAXW4WDTEVENTS@@@Z 10002314 f   WDT_DRV.obj
 0001:00001325       ?WDT1SetTime@@YAXK@Z       10002325 f   WDT_DRV.obj
 0001:00001353       ?WdtGetIrq@@YAKH@Z         10002353 f   WDT_DRV.obj
 0001:000013a4       ?WdtGetTimer@@YAKH@Z       100023a4 f   WDT_DRV.obj
 0001:00001444       ?WdtIst@@YAKPAX@Z          10002444 f   WDT_DRV.obj
 0001:00001507       _DllMain                   10002507 f   WDT_DRV.obj
 0001:0000151e       _WDT_Close                 1000251e f   WDT_DRV.obj
 0001:00001550       _WDT_Deinit                10002550 f   WDT_DRV.obj
 0001:000015a4       _WDT_IOControl             100025a4 f   WDT_DRV.obj
 0001:000017ac       _WDT_Init                  100027ac f   WDT_DRV.obj
 0001:00001867       _WDT_Open                  10002867 f   WDT_DRV.obj
 0001:00001893       _WDT_Write                 10002893 f   WDT_DRV.obj
 0001:000018bc       _LocalAlloc                100028bc f   coredll:COREDLL.dll
 0001:000018c2       _LocalFree                 100028c2 f   coredll:COREDLL.dll
 0001:000018c8       _EnterCriticalSection      100028c8 f   coredll:COREDLL.dll
 0001:000018ce       _LeaveCriticalSection      100028ce f   coredll:COREDLL.dll
 0001:000018d4       _InitializeCriticalSection 100028d4 f   coredll:COREDLL.dll
 0001:000018da       _DeleteCriticalSection     100028da f   coredll:COREDLL.dll
 0001:000018e0       _CreateThread              100028e0 f   coredll:COREDLL.dll
 0001:000018e6       _NKDbgPrintfW              100028e6 f   coredll:COREDLL.dll
 0001:000018ec       _EventModify               100028ec f   coredll:COREDLL.dll
 0001:000018f2       _CreateMsgQueue            100028f2 f   coredll:COREDLL.dll
 0001:000018f8       _WriteMsgQueue             100028f8 f   coredll:COREDLL.dll
 0001:000018fe       _CloseMsgQueue             100028fe f   coredll:COREDLL.dll
 0001:00001904       _PostMessageW              10002904 f   coredll:COREDLL.dll
 0001:0000190a       _LoadIntChainHandler       1000290a f   coredll:COREDLL.dll
 0001:00001910       _FreeIntChainHandler       10002910 f   coredll:COREDLL.dll
 0001:00001916       _InterruptInitialize       10002916 f   coredll:COREDLL.dll
 0001:0000191c       _InterruptDone             1000291c f   coredll:COREDLL.dll
 0001:00001922       _InterruptDisable          10002922 f   coredll:COREDLL.dll
 0001:00001928       _KernelIoControl           10002928 f   coredll:COREDLL.dll
 0001:0000192e       _KernelLibIoControl        1000292e f   coredll:COREDLL.dll
 0001:00001934       _READ_PORT_UCHAR           10002934 f   ceddk:CEDDK.dll
 0001:0000193a       _WRITE_PORT_UCHAR          1000293a f   ceddk:CEDDK.dll
 0001:00001940       __DllMainCRTStartup        10002940 f   ccrt0:pegdmain.obj
 0001:000019fc       @__security_check_cookie@4 100029fc f   ccrt0:x86secgs.obj
 0001:00001a22       ___security_init_cookie    10002a22 f   ccrt0:seccinit.obj
 0001:00001a4e       __amsg_exit                10002a4e f   ccrt0:crt0dat.obj
 0001:00001a6a       __cexit                    10002a6a f   ccrt0:crt0dat.obj
 0001:00001a79       __cinit                    10002a79 f   ccrt0:crt0dat.obj
 0001:00001adc       __exit                     10002adc f   ccrt0:crt0dat.obj
 0001:00001b0c       __initterm_e               10002b0c f   ccrt0:crt0dat.obj
 0001:00001c28       __SEH_prolog4              10002c28 f   ccrt0:sehprolg4.obj
 0001:00001c6d       __SEH_epilog4              10002c6d f   ccrt0:sehprolg4.obj
 0001:00001c81       __except_handler4          10002c81 f   ccrt0:chandler4gs.obj
 0001:00001ca4       ___crt_ExitProcess         10002ca4 f   ccrt0:exitproc_proxy.obj
 0001:00001cb6       __FF_MSGBANNER             10002cb6 f   ccrt0:crt0msg.obj
 0001:00001ccc       __NMSG_WRITE               10002ccc f   ccrt0:crt0msg.obj
 0001:00001ccd       __initp_misc_cfltcvt_tab   10002ccd f   ccrt0:cmiscdat.obj
 0001:00001cd8       __fptrap                   10002cd8 f   ccrt0:crt0fp.obj
 0001:00001ce2       _memset                    10002ce2 f   msvcrt:MSVCRT.dll
 0001:00001ce8       __XcptFilter               10002ce8 f   msvcrt:MSVCRT.dll
 0001:00001cee       ___report_gsfailure        10002cee f   msvcrt:MSVCRT.dll
 0001:00001cf4       ___security_gen_cookie2    10002cf4 f   msvcrt:MSVCRT.dll
 0001:00001cfa       __lock                     10002cfa f   msvcrt:MSVCRT.dll
 0001:00001d00       __unlock                   10002d00 f   msvcrt:MSVCRT.dll
 0001:00001d06       __except_handler4_common   10002d06 f   msvcrt:MSVCRT.dll
 0001:00001d0c       __set_error_mode           10002d0c f   msvcrt:MSVCRT.dll
 0001:00001d54       __IMPORT_DESCRIPTOR_COREDLL 10002d54     coredll:COREDLL.dll
 0001:00001d68       __IMPORT_DESCRIPTOR_CEDDK  10002d68     ceddk:CEDDK.dll
 0001:00001d7c       __IMPORT_DESCRIPTOR_MSVCRT 10002d7c     msvcrt:MSVCRT.dll
 0001:00001d90       __NULL_IMPORT_DESCRIPTOR   10002d90     coredll:COREDLL.dll
 0002:00000000       __imp__READ_PORT_UCHAR     10003000     ceddk:CEDDK.dll
 0002:00000004       __imp__WRITE_PORT_UCHAR    10003004     ceddk:CEDDK.dll
 0002:00000008       \177CEDDK_NULL_THUNK_DATA  10003008     ceddk:CEDDK.dll
 0002:0000000c       __imp__LeaveCriticalSection 1000300c     coredll:COREDLL.dll
 0002:00000010       __imp__InitializeCriticalSection 10003010     coredll:COREDLL.dll
 0002:00000014       __imp__DeleteCriticalSection 10003014     coredll:COREDLL.dll
 0002:00000018       __imp__CreateThread        10003018     coredll:COREDLL.dll
 0002:0000001c       __imp__GetLastError        1000301c     coredll:COREDLL.dll
 0002:00000020       __imp__CloseHandle         10003020     coredll:COREDLL.dll
 0002:00000024       __imp__ResumeThread        10003024     coredll:COREDLL.dll
 0002:00000028       __imp__CeSetThreadPriority 10003028     coredll:COREDLL.dll
 0002:0000002c       __imp__CreateEventW        1000302c     coredll:COREDLL.dll
 0002:00000030       __imp__WaitForSingleObject 10003030     coredll:COREDLL.dll
 0002:00000034       __imp__DisableThreadLibraryCalls 10003034     coredll:COREDLL.dll
 0002:00000038       __imp__NKDbgPrintfW        10003038     coredll:COREDLL.dll
 0002:0000003c       __imp__EventModify         1000303c     coredll:COREDLL.dll
 0002:00000040       __imp__EnterCriticalSection 10003040     coredll:COREDLL.dll
 0002:00000044       __imp__WriteMsgQueue       10003044     coredll:COREDLL.dll
 0002:00000048       __imp__CloseMsgQueue       10003048     coredll:COREDLL.dll
 0002:0000004c       __imp__PostMessageW        1000304c     coredll:COREDLL.dll
 0002:00000050       __imp__RegCloseKey         10003050     coredll:COREDLL.dll
 0002:00000054       __imp__RegCreateKeyExW     10003054     coredll:COREDLL.dll
 0002:00000058       __imp__RegQueryValueExW    10003058     coredll:COREDLL.dll
 0002:0000005c       __imp__LoadIntChainHandler 1000305c     coredll:COREDLL.dll
 0002:00000060       __imp__FreeIntChainHandler 10003060     coredll:COREDLL.dll
 0002:00000064       __imp__InterruptInitialize 10003064     coredll:COREDLL.dll
 0002:00000068       __imp__InterruptDone       10003068     coredll:COREDLL.dll
 0002:0000006c       __imp__InterruptDisable    1000306c     coredll:COREDLL.dll
 0002:00000070       __imp__KernelIoControl     10003070     coredll:COREDLL.dll
 0002:00000074       __imp__KernelLibIoControl  10003074     coredll:COREDLL.dll
 0002:00000078       __imp__LocalFree           10003078     coredll:COREDLL.dll
 0002:0000007c       __imp__CreateMsgQueue      1000307c     coredll:COREDLL.dll
 0002:00000080       __imp__LocalAlloc          10003080     coredll:COREDLL.dll
 0002:00000084       __imp__TerminateProcess    10003084     coredll:COREDLL.dll
 0002:00000088       \177COREDLL_NULL_THUNK_DATA 10003088     coredll:COREDLL.dll
 0002:0000008c       __imp___XcptFilter         1000308c     msvcrt:MSVCRT.dll
 0002:00000090       __imp____report_gsfailure  10003090     msvcrt:MSVCRT.dll
 0002:00000094       __imp____security_gen_cookie2 10003094     msvcrt:MSVCRT.dll
 0002:00000098       __imp___lock               10003098     msvcrt:MSVCRT.dll
 0002:0000009c       __imp___unlock             1000309c     msvcrt:MSVCRT.dll
 0002:000000a0       __imp___except_handler4_common 100030a0     msvcrt:MSVCRT.dll
 0002:000000a4       __imp___set_error_mode     100030a4     msvcrt:MSVCRT.dll
 0002:000000a8       __imp__memset              100030a8     msvcrt:MSVCRT.dll
 0002:000000ac       \177MSVCRT_NULL_THUNK_DATA 100030ac     msvcrt:MSVCRT.dll
 0002:000000b0       ?option@@3PAUMSGQUEUEOPTIONS_OS@@A 100030b0     WDT_DRV.obj
 0002:000000d8       ___security_cookie         100030d8     ccrt0:seccinit.obj
 0002:000000dc       ___security_cookie_complement 100030dc     ccrt0:seccinit.obj
 0002:000000e0       ___ptmbcinfo               100030e0     ccrt0:cmiscdat.obj
 0002:000000e4       __cfltcvt_tab              100030e4     ccrt0:cmiscdat.obj
 0002:00000110       ___initialmbcinfo          10003110     ccrt0:cmiscdat.obj
 0002:00000338       ___@@_PchSym_@00@UdrmxvIAAUlhwvhrtmhUIGwfrmlIAyUIGwfrmlIAyUdwgPwieUlyqUcIGUivgzroUhgwzucOlyq@WDT_DRV 10003338     StdAfx.obj
 0002:0000033c       ___argc                    1000333c     ccrt0:crt0dat.obj
 0002:00000340       ___argv                    10003340     ccrt0:crt0dat.obj
 0002:00000344       ___wargv                   10003344     ccrt0:crt0dat.obj
 0002:00000348       __environ                  10003348     ccrt0:crt0dat.obj
 0002:0000034c       __wenviron                 1000334c     ccrt0:crt0dat.obj
 0002:00000350       __pgmptr                   10003350     ccrt0:crt0dat.obj
 0002:00000354       __wpgmptr                  10003354     ccrt0:crt0dat.obj
 0002:00000358       __C_Exit_Done              10003358     ccrt0:crt0dat.obj
 0002:0000035c       __umaskval                 1000335c     ccrt0:crt0dat.obj
 0002:00000360       __exitflag                 10003360     ccrt0:crt0dat.obj
 0002:00000364       __C_Termination_Done       10003364     ccrt0:crt0dat.obj
 0002:00000368       ___winitenv                10003368     ccrt0:crt0dat.obj
 0002:0000036c       ___initenv                 1000336c     ccrt0:crt0dat.obj
 0002:00000370       ___app_type                10003370     ccrt0:crt0msg.obj
 0002:00000374       __stdbuf                   10003374     ccrt0:cmiscdat.obj
 0002:0000037c       ___dyn_tls_init_callback   1000337c     <common>
 0002:00000380       ___onexitend               10003380     <common>
 0002:00000384       ___onexitbegin             10003384     <common>
 0002:00000388       __FPinit                   10003388     <common>
 0002:0000038c       __pRawDllMain              1000338c     <common>

 entry point at        0001:00001940

 Static symbols

 0000:ffffb000       .debug$S                   10000000     coredll:COREDLL.dll
 0000:ffffb000       .debug$S                   10000000     msvcrt:MSVCRT.dll
 0000:ffffb000       .debug$S                   10000000     msvcrt:MSVCRT.dll
 0000:ffffb000       .debug$S                   10000000     msvcrt:MSVCRT.dll
 0000:ffffb000       .debug$S                   10000000     msvcrt:MSVCRT.dll
 0000:ffffb000       .debug$S                   10000000     msvcrt:MSVCRT.dll
 0000:ffffb000       .debug$S                   10000000     msvcrt:MSVCRT.dll
 0000:ffffb000       .debug$S                   10000000     msvcrt:MSVCRT.dll
 0000:ffffb000       .debug$S                   10000000     msvcrt:MSVCRT.dll
 0000:ffffb000       .debug$S                   10000000     msvcrt:MSVCRT.dll
 0000:ffffb000       .debug$S                   10000000     msvcrt:MSVCRT.dll
 0000:ffffb000       .debug$S                   10000000     msvcrt:MSVCRT.dll
 0000:ffffb000       .debug$S                   10000000     msvcrt:MSVCRT.dll
 0000:ffffb000       .debug$S                   10000000     msvcrt:MSVCRT.dll
 0000:ffffb000       .debug$S                   10000000     coredll:COREDLL.dll
 0000:ffffb000       .debug$S                   10000000     coredll:COREDLL.dll
 0000:ffffb000       .debug$S                   10000000     coredll:COREDLL.dll
 0000:ffffb000       .debug$S                   10000000     coredll:COREDLL.dll
 0000:ffffb000       .debug$S                   10000000     coredll:COREDLL.dll
 0000:ffffb000       .debug$S                   10000000     coredll:COREDLL.dll
 0000:ffffb000       .debug$S                   10000000     coredll:COREDLL.dll
 0000:ffffb000       .debug$S                   10000000     coredll:COREDLL.dll
 0000:ffffb000       .debug$S                   10000000     coredll:COREDLL.dll
 0000:ffffb000       .debug$S                   10000000     coredll:COREDLL.dll
 0000:ffffb000       .debug$S                   10000000     coredll:COREDLL.dll
 0000:ffffb000       .debug$S                   10000000     coredll:COREDLL.dll
 0000:ffffb000       .debug$S                   10000000     coredll:COREDLL.dll
 0000:ffffb000       .debug$S                   10000000     coredll:COREDLL.dll
 0000:ffffb000       .debug$S                   10000000     coredll:COREDLL.dll
 0000:ffffb000       .debug$S                   10000000     coredll:COREDLL.dll
 0000:ffffb000       .debug$S                   10000000     coredll:COREDLL.dll
 0000:ffffb000       .debug$S                   10000000     coredll:COREDLL.dll
 0000:ffffb000       .debug$S                   10000000     coredll:COREDLL.dll
 0000:ffffb000       .debug$S                   10000000     coredll:COREDLL.dll
 0000:ffffb000       .debug$S                   10000000     coredll:COREDLL.dll
 0000:ffffb000       .debug$S                   10000000     ceddk:CEDDK.dll
 0000:ffffb000       .debug$S                   10000000     coredll:COREDLL.dll
 0000:ffffb000       .debug$S                   10000000     coredll:COREDLL.dll
 0000:ffffb000       .debug$S                   10000000     coredll:COREDLL.dll
 0000:ffffb000       .debug$S                   10000000     coredll:COREDLL.dll
 0000:ffffb000       .debug$S                   10000000     coredll:COREDLL.dll
 0000:ffffb000       .debug$S                   10000000     coredll:COREDLL.dll
 0000:ffffb000       .debug$S                   10000000     coredll:COREDLL.dll
 0000:ffffb000       .debug$S                   10000000     coredll:COREDLL.dll
 0000:ffffb000       .debug$S                   10000000     coredll:COREDLL.dll
 0000:ffffb000       .debug$S                   10000000     ceddk:CEDDK.dll
 0000:ffffb000       .debug$S                   10000000     msvcrt:MSVCRT.dll
 0001:00000400       _rterrs                    10001400     ccrt0:crt0msg.obj
 0001:0000174c       $LN82                      1000274c     WDT_DRV.obj
 0001:00001774       $LN83                      10002774     WDT_DRV.obj
 0001:00001954       __DllMainCRTStartupHelper  10002954 f   ccrt0:pegdmain.obj
 0001:00001af0       __initterm                 10002af0 f   ccrt0:crt0dat.obj
 0001:00001b2e       _doexit                    10002b2e f   ccrt0:crt0dat.obj
 0001:00001d18       __sehtable$__DllMainCRTStartupHelper 10002d18     ccrt0:pegdmain.obj
 0001:00001d38       __sehtable$_doexit         10002d38     ccrt0:crt0dat.obj
 0001:00001e54       .idata$6                   10002e54     coredll:COREDLL.dll
 0001:00001e60       .idata$6                   10002e60     ceddk:CEDDK.dll
 0001:00001e6a       .idata$6                   10002e6a     msvcrt:MSVCRT.dll
 0001:00001e80       .edata                     10002e80     WDT_DRV.exp
 0001:00001ea8       rgpv                       10002ea8     WDT_DRV.exp
 0001:00001ec0       rgszName                   10002ec0     WDT_DRV.exp
 0001:00001ed8       rgwOrd                     10002ed8     WDT_DRV.exp
 0001:00001ee4       szName                     10002ee4     WDT_DRV.exp
 0001:00001ef0       $N00001                    10002ef0     WDT_DRV.exp
 0001:00001efa       $N00002                    10002efa     WDT_DRV.exp
 0001:00001f05       $N00003                    10002f05     WDT_DRV.exp
 0001:00001f13       $N00004                    10002f13     WDT_DRV.exp
 0001:00001f1c       $N00005                    10002f1c     WDT_DRV.exp
 0001:00001f25       $N00006                    10002f25     WDT_DRV.exp
 0002:00000330       _g_Load                    10003330     WDT_DRV.obj
