 WDT_ISR

 Timestamp is 5518e39e (Sun Mar 29 22:48:14 2015)

 Preferred load address is 10000000

 Start         Length     Name                   Class
 0001:00000000 00000004H .CRT$XCA                CODE
 0001:00000004 00000004H .CRT$XCZ                CODE
 0001:00000008 00000004H .CRT$XIA                CODE
 0001:0000000c 00000004H .CRT$XIZ                CODE
 0001:00000010 00000004H .CRT$XPA                CODE
 0001:00000014 00000004H .CRT$XPZ                CODE
 0001:00000018 00000004H .CRT$XTA                CODE
 0001:0000001c 00000004H .CRT$XTZ                CODE
 0001:00000020 00000c58H .rdata                  CODE
 0001:00000c78 00000034H .rdata$debug            CODE
 0001:00000cb0 00000004H .rdata$sxdata           CODE
 0001:00000cb4 000006aaH .text                   CODE
 0001:00001360 0000003cH .xdata$x                CODE
 0001:0000139c 0000003cH .idata$2                CODE
 0001:000013d8 00000014H .idata$3                CODE
 0001:000013ec 0000003cH .idata$4                CODE
 0001:00001428 00000022H .idata$6                CODE
 0001:00001450 00000090H .edata                  CODE
 0002:00000000 0000003cH .idata$5                DATA
 0002:00000040 00000258H .data                   DATA
 0002:00000298 0000007cH .bss                    DATA

  Address         Publics by Value              Rva+Base       Lib:Object

 0000:00000001       ___safe_se_handler_count   00000001     <absolute>
 0001:00000000       ___xc_a                    10001000     ccrt0:crt0init.obj
 0001:00000004       ___xc_z                    10001004     ccrt0:crt0init.obj
 0001:00000008       ___xi_a                    10001008     ccrt0:crt0init.obj
 0001:0000000c       ___xi_z                    1000100c     ccrt0:crt0init.obj
 0001:00000010       ___xp_a                    10001010     ccrt0:crt0init.obj
 0001:00000014       ___xp_z                    10001014     ccrt0:crt0init.obj
 0001:00000018       ___xt_a                    10001018     ccrt0:crt0init.obj
 0001:0000001c       ___xt_z                    1000101c     ccrt0:crt0init.obj
 0001:00000058       ??_C@_1FC@BEMBJFNF@?$AAC?$AAr?$AAe?$AAa?$AAt?$AAe?$AAI?$AAn?$AAs?$AAt?$AAa?$AAn?$AAc?$AAe?$AA?$CI?$AA?$CJ?$AA?5?$AAo?$AAk?$AA?0?$AAI?$AAn?$AAs?$AAt?$AAa?$AAn?$AAc?$AAe?$AAI?$AAn?$AAd?$AAe@ 10001058     WDT_ISR.obj
 0001:000000ac       ??_C@_1CK@BBDABIMB@?$AAD?$AAe?$AAs?$AAt?$AAr?$AAo?$AAy?$AAI?$AAn?$AAs?$AAt?$AAa?$AAn?$AAc?$AAe?$AA?$CI?$AA?$CJ?$AA?$CL?$AA?$CL?$AA?6?$AA?$AA@ 100010ac     WDT_ISR.obj
 0001:000000d8       ??_C@_1DO@IAAJBIKB@?$AAG?$AAI?$AAO?$AA_?$AAI?$AAS?$AAR?$AA?5?$AAI?$AAo?$AAC?$AAo?$AAn?$AAt?$AAr?$AAo?$AAl?$AA?$CI?$AA?$CJ?$AA?5?$AAI?$AAn?$AAf?$AAo?$AAC?$AAo?$AAp?$AAy?$AA?3?$AA?6?$AA?$AA@ 100010d8     WDT_ISR.obj
 0001:00000118       ??_C@_1CE@CHPJBNNJ@?$AAS?$AAy?$AAs?$AAI?$AAn?$AAt?$AAr?$AA?5?$AAi?$AAs?$AA?5?$AA0?$AAx?$AA?$CF?$AA0?$AAx?$AA?6?$AA?$AA@ 10001118     WDT_ISR.obj
 0001:0000013c       ??_C@_1CE@JPACLMPC@?$AAI?$AAI?$AAR?$AAa?$AAd?$AAd?$AAr?$AA?5?$AAi?$AAs?$AA?5?$AA0?$AAx?$AA?$CF?$AA0?$AAx?$AA?6?$AA?$AA@ 1000113c     WDT_ISR.obj
 0001:00000160       ??_C@_1BK@GCEMOALA@?$AAM?$AA6?$AA1?$AA1?$AA7?$AA?5?$AAi?$AAs?$AA?5?$AA?$CF?$AAd?$AA?6?$AA?$AA@ 10001160     WDT_ISR.obj
 0001:0000017c       ??_C@_1BO@EPNKFFHO@?$AAM?$AAa?$AAs?$AAk?$AA?5?$AAi?$AAs?$AA?5?$AA0?$AAx?$AA?$CF?$AA0?$AAx?$AA?6?$AA?$AA@ 1000117c     WDT_ISR.obj
 0001:0000019c       ??_C@_1BM@GKOOKMOK@?$AAI?$AAS?$AAR?$AAH?$AAa?$AAn?$AAd?$AAl?$AAe?$AAr?$AA?$CL?$AA?$CL?$AA?6?$AA?$AA@ 1000119c     WDT_ISR.obj
 0001:000001b8       ??_C@_1CG@COFAILDD@?$AAC?$AAH?$AAE?$AAC?$AAK?$AA?5?$AAP?$AAO?$AAR?$AAT?$AA?5?$AAF?$AAA?$AAI?$AAL?$AAE?$AAD?$AA?6?$AA?$AA@ 100011b8     WDT_ISR.obj
 0001:000001e0       ??_C@_1CA@DBJNLHFA@?$AAR?$AAd?$AAP?$AAo?$AAr?$AAt?$AA?5?$AAi?$AAs?$AA?5?$AA0?$AAx?$AA?$CF?$AAx?$AA?6?$AA?$AA@ 100011e0     WDT_ISR.obj
 0001:00000200       ??_C@_1EA@PMMILMNP@?$AAR?$AAd?$AAP?$AAo?$AAr?$AA?5?$AAi?$AAs?$AA?5?$AA0?$AAx?$AA?$CF?$AA0?$AAx?$AA?0?$AAR?$AAe?$AAt?$AAV?$AAa?$AA?5?$AAi?$AAs?$AA?5?$AA0?$AAx?$AA?$CF?$AA0?$AAx?$AAL?$AA?6?$AA?$AA@ 10001200     WDT_ISR.obj
 0001:00000240       ??_C@_1EO@CAJBNPGG@?$AAI?$AAS?$AAR?$AAH?$AAa?$AAn?$AAd?$AAl?$AAe?$AAr?$AA?$CI?$AA?$CJ?$AA?5?$AAg?$AA_?$AAI?$AAn?$AAf?$AAo?$AA?$FL?$AA?$CF?$AAd?$AA?$FN?$AA?4?$AAS?$AAy?$AAs?$AAI?$AAn?$AAt?$AAr?$AA?5@ 10001240     WDT_ISR.obj
 0001:00000348       ??_C@_1FK@PGACCAFB@?$AAR?$AA6?$AA0?$AA0?$AA2?$AA?$AN?$AA?6?$AA?9?$AA?5?$AAf?$AAl?$AAo?$AAa?$AAt?$AAi?$AAn?$AAg?$AA?5?$AAp?$AAo?$AAi?$AAn?$AAt?$AA?5?$AAs?$AAu?$AAp?$AAp?$AAo?$AAr?$AAt?$AA?5@ 10001348     ccrt0:crt0msg.obj
 0001:000003a8       ??_C@_1FE@LLNEDJMD@?$AAR?$AA6?$AA0?$AA0?$AA8?$AA?$AN?$AA?6?$AA?9?$AA?5?$AAn?$AAo?$AAt?$AA?5?$AAe?$AAn?$AAo?$AAu?$AAg?$AAh?$AA?5?$AAs?$AAp?$AAa?$AAc?$AAe?$AA?5?$AAf?$AAo?$AAr?$AA?5?$AAa?$AAr@ 100013a8     ccrt0:crt0msg.obj
 0001:00000400       ??_C@_1FI@HONFMGBI@?$AAR?$AA6?$AA0?$AA0?$AA9?$AA?$AN?$AA?6?$AA?9?$AA?5?$AAn?$AAo?$AAt?$AA?5?$AAe?$AAn?$AAo?$AAu?$AAg?$AAh?$AA?5?$AAs?$AAp?$AAa?$AAc?$AAe?$AA?5?$AAf?$AAo?$AAr?$AA?5?$AAe?$AAn@ 10001400     ccrt0:crt0msg.obj
 0001:00000458       ??_C@_1EG@BEHAGFJD@?$AAR?$AA6?$AA0?$AA1?$AA0?$AA?$AN?$AA?6?$AA?9?$AA?5?$AAa?$AAb?$AAo?$AAr?$AAt?$AA?$CI?$AA?$CJ?$AA?5?$AAh?$AAa?$AAs?$AA?5?$AAb?$AAe?$AAe?$AAn?$AA?5?$AAc?$AAa?$AAl?$AAl?$AAe?$AAd@ 10001458     ccrt0:crt0msg.obj
 0001:000004a0       ??_C@_1FI@LOGNIKDM@?$AAR?$AA6?$AA0?$AA1?$AA6?$AA?$AN?$AA?6?$AA?9?$AA?5?$AAn?$AAo?$AAt?$AA?5?$AAe?$AAn?$AAo?$AAu?$AAg?$AAh?$AA?5?$AAs?$AAp?$AAa?$AAc?$AAe?$AA?5?$AAf?$AAo?$AAr?$AA?5?$AAt?$AAh@ 100014a0     ccrt0:crt0msg.obj
 0001:000004f8       ??_C@_1FK@BEOGODMC@?$AAR?$AA6?$AA0?$AA1?$AA7?$AA?$AN?$AA?6?$AA?9?$AA?5?$AAu?$AAn?$AAe?$AAx?$AAp?$AAe?$AAc?$AAt?$AAe?$AAd?$AA?5?$AAm?$AAu?$AAl?$AAt?$AAi?$AAt?$AAh?$AAr?$AAe?$AAa?$AAd?$AA?5@ 100014f8     ccrt0:crt0msg.obj
 0001:00000558       ??_C@_1EC@JIBHAOPH@?$AAR?$AA6?$AA0?$AA1?$AA8?$AA?$AN?$AA?6?$AA?9?$AA?5?$AAu?$AAn?$AAe?$AAx?$AAp?$AAe?$AAc?$AAt?$AAe?$AAd?$AA?5?$AAh?$AAe?$AAa?$AAp?$AA?5?$AAe?$AAr?$AAr?$AAo?$AAr?$AA?$AN?$AA?6@ 10001558     ccrt0:crt0msg.obj
 0001:000005a0       ??_C@_1FC@ECHBIFBC@?$AAR?$AA6?$AA0?$AA1?$AA9?$AA?$AN?$AA?6?$AA?9?$AA?5?$AAu?$AAn?$AAa?$AAb?$AAl?$AAe?$AA?5?$AAt?$AAo?$AA?5?$AAo?$AAp?$AAe?$AAn?$AA?5?$AAc?$AAo?$AAn?$AAs?$AAo?$AAl?$AAe?$AA?5@ 100015a0     ccrt0:crt0msg.obj
 0001:000005f8       ??_C@_1GK@FHCKBEFA@?$AAR?$AA6?$AA0?$AA2?$AA4?$AA?$AN?$AA?6?$AA?9?$AA?5?$AAn?$AAo?$AAt?$AA?5?$AAe?$AAn?$AAo?$AAu?$AAg?$AAh?$AA?5?$AAs?$AAp?$AAa?$AAc?$AAe?$AA?5?$AAf?$AAo?$AAr?$AA?5?$AA_?$AAo@ 100015f8     ccrt0:crt0msg.obj
 0001:00000668       ??_C@_1EM@MAADIHMB@?$AAR?$AA6?$AA0?$AA2?$AA5?$AA?$AN?$AA?6?$AA?9?$AA?5?$AAp?$AAu?$AAr?$AAe?$AA?5?$AAv?$AAi?$AAr?$AAt?$AAu?$AAa?$AAl?$AA?5?$AAf?$AAu?$AAn?$AAc?$AAt?$AAi?$AAo?$AAn?$AA?5?$AAc@ 10001668     ccrt0:crt0msg.obj
 0001:000006b8       ??_C@_1GK@MCAAGJMO@?$AAR?$AA6?$AA0?$AA2?$AA6?$AA?$AN?$AA?6?$AA?9?$AA?5?$AAn?$AAo?$AAt?$AA?5?$AAe?$AAn?$AAo?$AAu?$AAg?$AAh?$AA?5?$AAs?$AAp?$AAa?$AAc?$AAe?$AA?5?$AAf?$AAo?$AAr?$AA?5?$AAs?$AAt@ 100016b8     ccrt0:crt0msg.obj
 0001:00000728       ??_C@_1GK@MFGOKLAG@?$AAR?$AA6?$AA0?$AA2?$AA7?$AA?$AN?$AA?6?$AA?9?$AA?5?$AAn?$AAo?$AAt?$AA?5?$AAe?$AAn?$AAo?$AAu?$AAg?$AAh?$AA?5?$AAs?$AAp?$AAa?$AAc?$AAe?$AA?5?$AAf?$AAo?$AAr?$AA?5?$AAl?$AAo@ 10001728     ccrt0:crt0msg.obj
 0001:00000798       ??_C@_1EK@HHFLMAOL@?$AAR?$AA6?$AA0?$AA2?$AA8?$AA?$AN?$AA?6?$AA?9?$AA?5?$AAu?$AAn?$AAa?$AAb?$AAl?$AAe?$AA?5?$AAt?$AAo?$AA?5?$AAi?$AAn?$AAi?$AAt?$AAi?$AAa?$AAl?$AAi?$AAz?$AAe?$AA?5?$AAh?$AAe@ 10001798     ccrt0:crt0msg.obj
 0001:000007e4       ??_C@_1DO@BMFCDCD@?$AAR?$AA6?$AA0?$AA3?$AA0?$AA?$AN?$AA?6?$AA?9?$AA?5?$AAC?$AAR?$AAT?$AA?5?$AAn?$AAo?$AAt?$AA?5?$AAi?$AAn?$AAi?$AAt?$AAi?$AAa?$AAl?$AAi?$AAz?$AAe?$AAd?$AA?$AN?$AA?6?$AA?$AA@ 100017e4     ccrt0:crt0msg.obj
 0001:00000828       ??_C@_1MG@ENCOOIDF@?$AAR?$AA6?$AA0?$AA3?$AA1?$AA?$AN?$AA?6?$AA?9?$AA?5?$AAA?$AAt?$AAt?$AAe?$AAm?$AAp?$AAt?$AA?5?$AAt?$AAo?$AA?5?$AAi?$AAn?$AAi?$AAt?$AAi?$AAa?$AAl?$AAi?$AAz?$AAe?$AA?5?$AAt@ 10001828     ccrt0:crt0msg.obj
 0001:000008f0       ??_C@_1GG@GOPILAJP@?$AAR?$AA6?$AA0?$AA3?$AA2?$AA?$AN?$AA?6?$AA?9?$AA?5?$AAn?$AAo?$AAt?$AA?5?$AAe?$AAn?$AAo?$AAu?$AAg?$AAh?$AA?5?$AAs?$AAp?$AAa?$AAc?$AAe?$AA?5?$AAf?$AAo?$AAr?$AA?5?$AAl?$AAo@ 100018f0     ccrt0:crt0msg.obj
 0001:00000958       ??_C@_1BOO@KGEDBGAJ@?$AAR?$AA6?$AA0?$AA3?$AA3?$AA?$AN?$AA?6?$AA?9?$AA?5?$AAA?$AAt?$AAt?$AAe?$AAm?$AAp?$AAt?$AA?5?$AAt?$AAo?$AA?5?$AAu?$AAs?$AAe?$AA?5?$AAM?$AAS?$AAI?$AAL?$AA?5?$AAc?$AAo?$AAd@ 10001958     ccrt0:crt0msg.obj
 0001:00000b48       ??_C@_1GG@MKFPEKFO@?$AAR?$AA6?$AA0?$AA3?$AA4?$AA?$AN?$AA?6?$AA?9?$AA?5?$AAi?$AAn?$AAc?$AAo?$AAn?$AAs?$AAi?$AAs?$AAt?$AAe?$AAn?$AAt?$AA?5?$AAo?$AAn?$AAe?$AAx?$AAi?$AAt?$AA?5?$AAb?$AAe?$AAg@ 10001b48     ccrt0:crt0msg.obj
 0001:00000bb0       ??_C@_1BO@BFCDCGC@?$AAD?$AAO?$AAM?$AAA?$AAI?$AAN?$AA?5?$AAe?$AAr?$AAr?$AAo?$AAr?$AA?$AN?$AA?6?$AA?$AA@ 10001bb0     ccrt0:crt0msg.obj
 0001:00000bd0       ??_C@_1BK@KMOMNAAI@?$AAS?$AAI?$AAN?$AAG?$AA?5?$AAe?$AAr?$AAr?$AAo?$AAr?$AA?$AN?$AA?6?$AA?$AA@ 10001bd0     ccrt0:crt0msg.obj
 0001:00000bec       ??_C@_1BM@JBBEPPHI@?$AAT?$AAL?$AAO?$AAS?$AAS?$AA?5?$AAe?$AAr?$AAr?$AAo?$AAr?$AA?$AN?$AA?6?$AA?$AA@ 10001bec     ccrt0:crt0msg.obj
 0001:00000c08       ??_C@_15JNBOKNOG@?$AA?$AN?$AA?6?$AA?$AA@ 10001c08     ccrt0:crt0msg.obj
 0001:00000c10       ??_C@_1BO@BKOMIGKJ@?$AAr?$AAu?$AAn?$AAt?$AAi?$AAm?$AAe?$AA?5?$AAe?$AAr?$AAr?$AAo?$AAr?$AA?5?$AA?$AA@ 10001c10     ccrt0:crt0msg.obj
 0001:00000c30       __load_config_used         10001c30     ccrt0:loadcfg.obj
 0001:00000cb0       ___safe_se_handler_table   10001cb0     <linker-defined>
 0001:00000cb4       _CreateInstance            10001cb4 f   WDT_ISR.obj
 0001:00000d20       _DestroyInstance           10001d20 f   WDT_ISR.obj
 0001:00000d4e       _IOControl                 10001d4e f   WDT_ISR.obj
 0001:00000dd5       _ISRHandler                10001dd5 f   WDT_ISR.obj
 0001:00000f40       _InfoCopy                  10001f40 f   WDT_ISR.obj
 0001:00000f62       _DisableThreadLibraryCalls 10001f62 f   coredll:COREDLL.dll
 0001:00000f68       _NKDbgPrintfW              10001f68 f   coredll:COREDLL.dll
 0001:00000f6e       _READ_PORT_UCHAR           10001f6e f   ceddk:CEDDK.dll
 0001:00000f74       _WRITE_PORT_UCHAR          10001f74 f   ceddk:CEDDK.dll
 0001:00000f7a       _DllMain                   10001f7a f   ccrt0:dllmain.obj
 0001:00000f91       __DllMainCRTStartup        10001f91 f   ccrt0:pegdmain.obj
 0001:0000104d       __amsg_exit                1000204d f   ccrt0:crt0dat.obj
 0001:00001069       __cexit                    10002069 f   ccrt0:crt0dat.obj
 0001:00001078       __cinit                    10002078 f   ccrt0:crt0dat.obj
 0001:000010db       __exit                     100020db f   ccrt0:crt0dat.obj
 0001:0000110b       __initterm_e               1000210b f   ccrt0:crt0dat.obj
 0001:00001227       ___security_init_cookie    10002227 f   ccrt0:seccinit.obj
 0001:00001254       __SEH_prolog4              10002254 f   ccrt0:sehprolg4.obj
 0001:00001299       __SEH_epilog4              10002299 f   ccrt0:sehprolg4.obj
 0001:000012ad       __except_handler4          100022ad f   ccrt0:chandler4gs.obj
 0001:000012d0       ___crt_ExitProcess         100022d0 f   ccrt0:exitproc_proxy.obj
 0001:000012e2       __FF_MSGBANNER             100022e2 f   ccrt0:crt0msg.obj
 0001:000012f8       __NMSG_WRITE               100022f8 f   ccrt0:crt0msg.obj
 0001:000012f9       __initp_misc_cfltcvt_tab   100022f9 f   ccrt0:cmiscdat.obj
 0001:00001304       @__security_check_cookie@4 10002304 f   ccrt0:x86secgs.obj
 0001:0000132a       __fptrap                   1000232a f   ccrt0:crt0fp.obj
 0001:00001334       __XcptFilter               10002334 f   msvcrt:MSVCRT.dll
 0001:0000133a       __lock                     1000233a f   msvcrt:MSVCRT.dll
 0001:00001340       __unlock                   10002340 f   msvcrt:MSVCRT.dll
 0001:00001346       ___security_gen_cookie2    10002346 f   msvcrt:MSVCRT.dll
 0001:0000134c       __except_handler4_common   1000234c f   msvcrt:MSVCRT.dll
 0001:00001352       __set_error_mode           10002352 f   msvcrt:MSVCRT.dll
 0001:00001358       ___report_gsfailure        10002358 f   msvcrt:MSVCRT.dll
 0001:0000139c       __IMPORT_DESCRIPTOR_COREDLL 1000239c     coredll:COREDLL.dll
 0001:000013b0       __IMPORT_DESCRIPTOR_CEDDK  100023b0     ceddk:CEDDK.dll
 0001:000013c4       __IMPORT_DESCRIPTOR_MSVCRT 100023c4     msvcrt:MSVCRT.dll
 0001:000013d8       __NULL_IMPORT_DESCRIPTOR   100023d8     coredll:COREDLL.dll
 0002:00000000       __imp__WRITE_PORT_UCHAR    10003000     ceddk:CEDDK.dll
 0002:00000004       __imp__READ_PORT_UCHAR     10003004     ceddk:CEDDK.dll
 0002:00000008       \177CEDDK_NULL_THUNK_DATA  10003008     ceddk:CEDDK.dll
 0002:0000000c       __imp__NKDbgPrintfW        1000300c     coredll:COREDLL.dll
 0002:00000010       __imp__DisableThreadLibraryCalls 10003010     coredll:COREDLL.dll
 0002:00000014       __imp__TerminateProcess    10003014     coredll:COREDLL.dll
 0002:00000018       \177COREDLL_NULL_THUNK_DATA 10003018     coredll:COREDLL.dll
 0002:0000001c       __imp___XcptFilter         1000301c     msvcrt:MSVCRT.dll
 0002:00000020       __imp___unlock             10003020     msvcrt:MSVCRT.dll
 0002:00000024       __imp____security_gen_cookie2 10003024     msvcrt:MSVCRT.dll
 0002:00000028       __imp___except_handler4_common 10003028     msvcrt:MSVCRT.dll
 0002:0000002c       __imp___set_error_mode     1000302c     msvcrt:MSVCRT.dll
 0002:00000030       __imp____report_gsfailure  10003030     msvcrt:MSVCRT.dll
 0002:00000034       __imp___lock               10003034     msvcrt:MSVCRT.dll
 0002:00000038       \177MSVCRT_NULL_THUNK_DATA 10003038     msvcrt:MSVCRT.dll
 0002:00000040       ___security_cookie         10003040     ccrt0:seccinit.obj
 0002:00000044       ___security_cookie_complement 10003044     ccrt0:seccinit.obj
 0002:00000048       ___ptmbcinfo               10003048     ccrt0:cmiscdat.obj
 0002:0000004c       __cfltcvt_tab              1000304c     ccrt0:cmiscdat.obj
 0002:00000078       ___initialmbcinfo          10003078     ccrt0:cmiscdat.obj
 0002:000002bc       ___@@_PchSym_@00@UdrmxvIAAUlhwvhrtmhUIGwfrmlIAyUIGwfrmlIAyUdwgPrhiUlyqUcIGUivgzroUhgwzucOlyq@WDT_ISR 100032bc     StdAfx.obj
 0002:000002c0       ___argc                    100032c0     ccrt0:crt0dat.obj
 0002:000002c4       ___argv                    100032c4     ccrt0:crt0dat.obj
 0002:000002c8       ___wargv                   100032c8     ccrt0:crt0dat.obj
 0002:000002cc       __environ                  100032cc     ccrt0:crt0dat.obj
 0002:000002d0       __wenviron                 100032d0     ccrt0:crt0dat.obj
 0002:000002d4       __pgmptr                   100032d4     ccrt0:crt0dat.obj
 0002:000002d8       __wpgmptr                  100032d8     ccrt0:crt0dat.obj
 0002:000002dc       __C_Exit_Done              100032dc     ccrt0:crt0dat.obj
 0002:000002e0       __umaskval                 100032e0     ccrt0:crt0dat.obj
 0002:000002e4       __exitflag                 100032e4     ccrt0:crt0dat.obj
 0002:000002e8       __C_Termination_Done       100032e8     ccrt0:crt0dat.obj
 0002:000002ec       ___winitenv                100032ec     ccrt0:crt0dat.obj
 0002:000002f0       ___initenv                 100032f0     ccrt0:crt0dat.obj
 0002:000002f4       ___app_type                100032f4     ccrt0:crt0msg.obj
 0002:000002f8       __stdbuf                   100032f8     ccrt0:cmiscdat.obj
 0002:00000300       ___dyn_tls_init_callback   10003300     <common>
 0002:00000304       ___onexitend               10003304     <common>
 0002:00000308       ___onexitbegin             10003308     <common>
 0002:0000030c       __FPinit                   1000330c     <common>
 0002:00000310       __pRawDllMain              10003310     <common>

 entry point at        0001:00000f91

 Static symbols

 0000:ffffb000       .debug$S                   10000000     coredll:COREDLL.dll
 0000:ffffb000       .debug$S                   10000000     msvcrt:MSVCRT.dll
 0000:ffffb000       .debug$S                   10000000     msvcrt:MSVCRT.dll
 0000:ffffb000       .debug$S                   10000000     msvcrt:MSVCRT.dll
 0000:ffffb000       .debug$S                   10000000     msvcrt:MSVCRT.dll
 0000:ffffb000       .debug$S                   10000000     msvcrt:MSVCRT.dll
 0000:ffffb000       .debug$S                   10000000     msvcrt:MSVCRT.dll
 0000:ffffb000       .debug$S                   10000000     msvcrt:MSVCRT.dll
 0000:ffffb000       .debug$S                   10000000     msvcrt:MSVCRT.dll
 0000:ffffb000       .debug$S                   10000000     msvcrt:MSVCRT.dll
 0000:ffffb000       .debug$S                   10000000     msvcrt:MSVCRT.dll
 0000:ffffb000       .debug$S                   10000000     msvcrt:MSVCRT.dll
 0000:ffffb000       .debug$S                   10000000     coredll:COREDLL.dll
 0000:ffffb000       .debug$S                   10000000     msvcrt:MSVCRT.dll
 0000:ffffb000       .debug$S                   10000000     coredll:COREDLL.dll
 0000:ffffb000       .debug$S                   10000000     msvcrt:MSVCRT.dll
 0000:ffffb000       .debug$S                   10000000     ceddk:CEDDK.dll
 0000:ffffb000       .debug$S                   10000000     ceddk:CEDDK.dll
 0001:00000290       _rterrs                    10001290     ccrt0:crt0msg.obj
 0001:00000fa5       __DllMainCRTStartupHelper  10001fa5 f   ccrt0:pegdmain.obj
 0001:000010ef       __initterm                 100020ef f   ccrt0:crt0dat.obj
 0001:0000112d       _doexit                    1000212d f   ccrt0:crt0dat.obj
 0001:00001360       __sehtable$__DllMainCRTStartupHelper 10002360     ccrt0:pegdmain.obj
 0001:00001380       __sehtable$_doexit         10002380     ccrt0:crt0dat.obj
 0001:00001428       .idata$6                   10002428     coredll:COREDLL.dll
 0001:00001434       .idata$6                   10002434     ceddk:CEDDK.dll
 0001:0000143e       .idata$6                   1000243e     msvcrt:MSVCRT.dll
 0001:00001450       .edata                     10002450     WDT_ISR.exp
 0001:00001478       rgpv                       10002478     WDT_ISR.exp
 0001:00001488       rgszName                   10002488     WDT_ISR.exp
 0001:00001498       rgwOrd                     10002498     WDT_ISR.exp
 0001:000014a0       szName                     100024a0     WDT_ISR.exp
 0001:000014ac       $N00001                    100024ac     WDT_ISR.exp
 0001:000014bb       $N00002                    100024bb     WDT_ISR.exp
 0001:000014cb       $N00003                    100024cb     WDT_ISR.exp
 0001:000014d5       $N00004                    100024d5     WDT_ISR.exp
 0002:00000298       _g_InstanceValid           10003298     WDT_ISR.obj
 0002:000002a0       _g_Instances               100032a0     WDT_ISR.obj
 0002:000002a4       _g_Info                    100032a4     WDT_ISR.obj
